     1                                  segment .data
     2 00000000 303132333435363738-     codes:  db      '0123456789ABCDEF'
     2 00000009 39414243444546     
     3                                  
     4                                  segment .text
     5                                  global _start
     6 00000000 48B800000000000000-     _start: mov     rax, 0x8000000000000000
     6 00000009 80                 
     7 0000000A BF01000000                      mov     rdi, 1
     8 0000000F BA01000000                      mov     rdx, 1
     9 00000014 B940000000                      mov     rcx, 64
    10 00000019 50                      .loop:  push    rax
    11 0000001A 4883E904                        sub     rcx, 4
    12 0000001E 48D3F8                          sar     rax, cl
    13 00000021 4883E00F                        and     rax, 0xF
    14 00000025 488DB0[00000000]                lea     rsi, [codes + rax]
    15 0000002C B801000000                      mov     rax, 1
    16 00000031 51                              push    rcx
    17 00000032 0F05                            syscall
    18                                  
    19 00000034 59                              pop     rcx
    20 00000035 58                              pop     rax
    21 00000036 4885C9                          test    rcx, rcx
    22 00000039 75DE                            jnz     _start.loop
    23                                  
    24                                  _exit:
    25 0000003B B83C000000                      mov     rax, 60
    26 00000040 4831FF                          xor     rdi, rdi
    27 00000043 0F05                            syscall
